// Jest Snapshot v1, https://goo.gl/fbAQLP

exports[`a pagina de configuração deve ser renderizada corretamente 1`] = `
<div>
  <div
    class="card"
  >
    <section>
      <h2>
        Vamos começar!
      </h2>
      <header
        class="cabecalho"
      >
        <div
          aria-label="Logo do Sorteador"
          class="imagem-logo"
          role="img"
        />
        <img
          alt="Participante com um presente na mão"
          class="participante"
          src="/imagens/participante.png"
        />
      </header>
      <form>
        <div
          class="grupo-input-btn"
        >
          <input
            placeholder="Insira os nomes dos participantes"
            type="text"
            value=""
          />
          <button
            disabled=""
          >
            Adicionar
          </button>
        </div>
        
      </form>
      <ul />
      <footer
        class="rodape-configuracoes"
      >
        <button
          class="botao"
          disabled=""
        >
          Iniciar Sorteio
        </button>
        <img
          alt="Sacolas de compras"
          src="/imagens/sacolas.png"
        />
      </footer>
    </section>
  </div>
</div>
`;
